0 0
3 3
13 13
23 23
33 33
43 43
53 53
63 63
73 73
83 83
93 93
103 103
113 113
123 123
133 133
143 143
153 153
163 163
173 173
183 183