100000000 0
100000000 0
100000001 1
100000002 2
100000003 3
100000004 4
100000005 5
100000006 6
100000007 7
100000008 8
